// Jest Snapshot v1, https://goo.gl/fbAQLP

exports[`Tests on <SearchScreen /> Should show correctly with default values 1`] = `
Array [
  <h1>
    Search a hero
  </h1>,
  <hr />,
  <div
    className="row"
  >
    <div
      className="col-5"
    >
      <h4>
        Search
      </h4>
      <hr />
      <form
        className="d-grid gap-2"
        onSubmit={[Function]}
      >
        <input
          autoComplete="off"
          className="form-control"
          name="searchText"
          onChange={[Function]}
          placeholder="Search a hero"
          type="text"
          value=""
        />
        <button
          className="btn btn-primary mt-3"
          type="submit"
        >
          Search...
        </button>
      </form>
    </div>
    <div
      className="col-7"
    >
      <h4>
        Results
      </h4>
      <hr />
      <div
        className="alert alert-info"
      >
        Search a hero
      </div>
    </div>
  </div>,
]
`;
